// Jest Snapshot v1, https://goo.gl/fbAQLP

exports[`RepoItem suite should render the RepoItem component 1`] = `
<li
  className="repoItem repo-item"
>
  <a
    className="title"
    href="https://github.com/SaraVieira/30-30"
    target="_blank"
  >
    <p>
      30-30
    </p>
  </a>
  <p
    className="description"
  >
    30 React Components in 30ish days
  </p>
  <div
    className="row"
  >
    <p
      className="language"
    >
      JavaScript
    </p>
    <p
      className="stars"
    >
      <span
        className="star"
      >
        <svg
          aria-label="stars"
          height="16"
          role="img"
          version="1.1"
          viewBox="0 0 14 16"
          width="14"
        >
          <path
            d="M14 6l-4.9-.64L7 1 4.9 5.36 0 6l3.6 3.26L2.67 14 7 11.67 11.33 14l-.93-4.74z"
            fillRule="evenodd"
          />
        </svg>
      </span>
      11
    </p>
  </div>
</li>
`;
